;=======================================================;
;														;
;		PokeAGBArciveList								;
;														;
;														;
;														;
;														;
;ex.													;
; filename		Head	Value		DataType			;
; katatumu.cgx	0		800			NOCOMP				; 
;									OBJCGX				; 
;									BG1MAP				;
;									BG2MAP				;
;									BG3MAP				;
;									BG4MAP				;
;									BG1CGX				;
;									BG2CGX				;
;									BG3CGX				;
;									BG4CGX				;
; test.col		0		200		 	COLOR				;
; test.col		0		100			COLORBG(BGonly)		;
; test.col		0		100			COLOROBJ(OBJonly)	;
;														;
;=======================================================;

batt_bg1.sch	0	2000	BG1CGX
batt_bg1.scl	0	0040	COLOR
batt_bg1.ssc	0	1000	BG1MAP

;gauge1.ssc		0	0800	BG3MAP
;gauge2.ssc		0	0800	BG4MAP
;bg_gauge.scl	0	0040	COLOR

pm3f_un.ach		0	0800	OBJCGX
pm3b_un.ach		0	0800	OBJCGX
pm3n_un.scl		0	0020	COLOR
pm3r_un.scl		0	0020	COLOR

fight_d.sch		0	2000	BG1CGX
fight_d.ssc		0	1000	BG1SCR
fight_d.scl		0	0020	COLOR

;hitchr.sch		0	0600	OBJCGX

;ba_gauge.sch	0	2000	OBJCGX
smokechr.sch	0	0180	OBJCGX
smokechr.scl	0	0020	COLOR

;bg_gaug1.sch	0	2000	OBJCGX
;bg_gaug2.sch	0	2000	OBJCGX
;bg_gaug3.sch	0	2000	OBJCGX
;bg_gaug1.scl	0	0020	COLOR
;bg_gaug2.scl	0	0020	COLOR
;bg_gaug3.scl	0	0020	COLOR
;bg_life1.sch	0	03A0	OBJCGX

;ball_ani.scl	0	0020	COLOR
;ball_ani.sch	0	0180	OBJCGX
b_ani0.sch		0	0180	OBJCGX
b_ani0.scl		0	0020	COLOR
b_ani1.sch		0	0180	OBJCGX
b_ani1.scl		0	0020	COLOR
b_ani2.sch		0	0180	OBJCGX
b_ani2.scl		0	0020	COLOR
b_ani3.sch		0	0180	OBJCGX
b_ani3.scl		0	0020	COLOR
b_ani4.sch		0	0180	OBJCGX
b_ani4.scl		0	0020	COLOR
b_ani6.sch		0	0180	OBJCGX
b_ani6.scl		0	0020	COLOR
b_ani7.sch		0	0180	OBJCGX
b_ani7.scl		0	0020	COLOR
b_ani8.sch		0	0180	OBJCGX
b_ani8.scl		0	0020	COLOR
b_ani9.sch		0	0180	OBJCGX
b_ani9.scl		0	0020	COLOR
b_ania.sch		0	0180	OBJCGX
b_ania.scl		0	0020	COLOR
b_anib.sch		0	0180	OBJCGX
b_anib.scl		0	0020	COLOR
b_anic.sch		0	0180	OBJCGX
b_anic.scl		0	0020	COLOR
b_anix.sch		0	0080	OBJCGX

;p_select.sch	0	03c0	BG1CGX
;p_select.scl	0	0040	COLOR
;p_select.ssc	0	0800	BG1MAP
;patachr.sch		0	2600	OBJCGX
;patachr.scl		0	0020	COLOR
space64.sch		0	0800	OBJCGX

;amaeru.sch		0	0080	OBJCGX
awa.sch			0	0180	OBJCGX
;chop.sch		0	0080	OBJCGX
;damage.sch		0	0080	OBJCGX
;eki.sch			0	0080	OBJCGX
;hitomi.sch		0	0400	OBJCGX
hone.sch		0	0200	OBJCGX
;honoo.sch		0	0100	OBJCGX
;ibaru.sch		0	0180	OBJCGX
;iwa.sch			0	0080	OBJCGX
;keri.sch		0	0080	OBJCGX
;kira.sch		0	0080	OBJCGX
;koban.sch		0	0080	OBJCGX
;onpu.sch		0	0180	OBJCGX
;pendanto.sch	0	0100	OBJCGX
;sen.sch			0	0080	OBJCGX
sonic.sch		0	0100	OBJCGX
;takara.sch		0	0200	OBJCGX
tama.sch		0	0200	OBJCGX
turugi.sch		0	0400	OBJCGX
yadorigi.sch	0	0180	OBJCGX
;zzz.sch			0	0080	OBJCGX

;kona.sch		0	0020	OBJCGX
;kona_zzz.scl	0	0020	COLOR
;konamahi.scl	0	0020	COLOR
;konadoku.scl	0	0020	COLOR

;amaeru.scl		0	0020	COLOR
awa.scl			0	0020	COLOR
;chop.scl		0	0020	COLOR
;damage.scl		0	0020	COLOR
;eki.scl			0	0020	COLOR
;hitomi.scl		0	0020	COLOR
hone.scl		0	0020	COLOR
;honoo.scl		0	0020	COLOR
;ibaru.scl		0	0020	COLOR
;iwa.scl			0	0020	COLOR
;keri.scl		0	0020	COLOR
;kira.scl		0	0020	COLOR
;koban.scl		0	0020	COLOR
;onpu.scl		0	0020	COLOR
;pendanto.scl	0	0020	COLOR
;sen.scl			0	0020	COLOR
sonic.scl		0	0020	COLOR
;takara.scl		0	0020	COLOR
tama.scl		0	0020	COLOR
turugi.scl		0	0020	COLOR
yadorigi.scl	0	0020	COLOR
;zzz.scl			0	0020	COLOR
;kairiki.sch		0	0400	OBJCGX
;kairiki.scl		0	0020	COLOR
hari.sch		0	0080	OBJCGX
hari.scl		0	0020	COLOR
;denkou.sch		0	0400	OBJCGX
;denkou.scl		0	0020	COLOR
;kobusi.sch		0	0080	OBJCGX
;kobusi.scl		0	0020	COLOR
;hataku.sch		0	0080	OBJCGX
;hataku.scl		0	0020	COLOR
;konakino.scl	0	0020	COLOR
;iaigiri.sch		0	0080	OBJCGX
;iaigiri.scl		0	0020	COLOR
;hiyoko.sch		0	0080	OBJCGX
;hiyoko.scl		0	0020	COLOR
;question.sch	0	0080	OBJCGX
;question.scl	0	0020	COLOR
bakuhatu.sch	0	0800	OBJCGX
bakuhatu.scl	0	0020	COLOR
;akuma.sch		0	0600	OBJCGX
;akuma.scl		0	0020	COLOR
;kiss.sch		0	0080	OBJCGX
;kiss.scl		0	0020	COLOR
;tensi.sch		0	0600	OBJCGX
;tensi.scl		0	0020	COLOR
;ase.sch			0	0020	OBJCGX
;ase.scl			0	0020	COLOR
;mahouzin.sch	0	0100	OBJCGX
;mahouzin.scl	0	0020	COLOR
doku.sch		0	0020	OBJCGX
doku.scl		0	0020	COLOR
koori.scl		0	0020	COLOR
koori.sch		0	1200	OBJCGX
kaze.sch		0	0400	OBJCGX
kaze.scl		0	0020	COLOR
mahi.sch		0	0180	OBJCGX
mahi.scl		0	0020	COLOR
;ziware.sch		0	0400	OBJCGX
;ziware.scl		0	0020	COLOR
yakedo.sch		0	0080	OBJCGX
yakedo.scl		0	0020	COLOR
makibisi.sch	0	0080	OBJCGX
makibisi.scl	0	0020	COLOR
;god.scl			0	0020	COLOR
;god.sch			0	0800	OBJCGX
;tori.scl		0	0020	COLOR
;tori.sch		0	0800	OBJCGX
;konayuki.scl	0	0020	COLOR
;konayuki.sch	0	0020	OBJCGX
;koori2.scl		0	0020	COLOR
;koori2.sch		0	0080	OBJCGX
;bg_gaug4.sch	0	2000	OBJCGX
;bg_gaug5.sch	0	2000	OBJCGX
;bg_gaug4.scl	0	0020	COLOR
;bg_gaug5.scl	0	0020	COLOR
;bg_life2.sch	0	0500	OBJCGX
ayasii.sch		0	0080	OBJCGX
ayasii.scl		0	0020	COLOR
;gensi.sch		0	00a0	OBJCGX
;gensi.scl		0	0020	COLOR
;rockon.sch		0	0080	OBJCGX
;rockon.scl		0	0020	COLOR
;kuroime.sch		0	0060	OBJCGX
;kuroime.scl		0	0020	COLOR
fukuro.sch		0	0080	OBJCGX
fukuro.scl		0	0020	COLOR
;nami.scl		0	0020	COLOR
;nami.sch		0	1800	OBJCGX
enmaku.sch		0	0100	OBJCGX
enmaku.scl		0	0020	COLOR
bouru.sch		0	0020	OBJCGX
;hanabira.sch	0	0020	OBJCGX
;hanabira.scl	0	0020	COLOR
;wata.sch		0	0080	OBJCGX
;wata.scl		0	0020	COLOR	‚±‚±‚Ü‚Å‚â‚Á‚½ by matsuda 2002.08.06(‰Î)
textyar.sch		0	0020	OBJCGX
textyar.scl		0	0020	COLOR
textyar2.sch	0	0380	OBJCGX
tuno.sch		0	0200	OBJCGX
tuno.scl		0	0020	COLOR
;kowaikao.sch	0	0100	OBJCGX
;kowaikao.scl	0	0020	COLOR
kataku.scl		0	0020	COLOR
kataku.sch		0	0380	OBJCGX
utau.scl		0	0020	COLOR
utau.sch		0	0400	OBJCGX
ef_tst1.scl		0	0020	COLOR
ef_tst1.sch		0	0A00	OBJCGX
ef_tst1b.scl	0	0020	COLOR
hara.scl		0	0020	COLOR
hara.sch		0	0180	OBJCGX
kokorome.sch	0	0300	OBJCGX
kokorome.scl	0	0020	COLOR
pikari.sch		0	0e00	OBJCGX
pikari.scl		0	0020	COLOR
hana_c.scl		0	0020	COLOR
hana_c.sch		0	0380	OBJCGX
ef_001.sch		0	0a00	OBJCGX
ef_001.scl		0	0020	COLOR
ef_002.scl		0	0020	COLOR
ef_002.sch		0	0a00	OBJCGX
ef_003.scl		0	0020	COLOR
ef_003.sch		0	0a00	OBJCGX
ef_101.sch		0	0a00	OBJCGX
ef_101.scl		0	0020	COLOR
ef_102.sch		0	0a00	OBJCGX
ef_102.scl		0	0020	COLOR
ef_103.scl		0	0020	COLOR
ef_103.sch		0	1000	OBJCGX
ef_104.sch		0	0800	OBJCGX
ef_105.sch		0	0a00	OBJCGX
;Pokeic2.sch		0	2000	OBJCGX
;Pokeicon.scl	0	0080	COLOR
ef_201.scl		0	0020	COLOR
ef_201.sch		0	0800	OBJCGX
ef_202.sch		0	0a00	OBJCGX
p_cursor.sch	0	00a0	OBJCGX
p_cursor.scl	0	0020	COLOR
p_icon_1.scl	0	0040	COLOR
p_icon_1.sch	0	0800	OBJCGX
n_cursol.sch	0	0060	OBJCGX
n_cursol.scl	0	0020	COLOR
pokelist.scl	0	0060	COLOR
pokelist.sch	0	1400	BG1CGX
pokelist.ssc	0	0800	BG1MAP
ef_004.scl		0	0020	COLOR
ef_005.scl		0	0020	COLOR
ef_004.sch		0	0800	OBJCGX
ef_005.sch		0	0a00	OBJCGX
ef_006.sch		0	0a00	OBJCGX
ef_007.sch		0	0a00	OBJCGX
listgaug.sch	0	0180	OBJCGX
ef_301.sch		0	0a00	OBJCGX
ef_301.scl		0	0020	COLOR
ef_302.sch		0	0a00	OBJCGX
ef_302.scl		0	0020	COLOR
ef_008.scl		0	0020	COLOR
ef_008.sch		0	0a00	OBJCGX
ef_009.scl		0	0020	COLOR
ef_009.sch		0	0a00	OBJCGX
gauge22.sch		0	2000	OBJCGX
gauge22.scl		0	0020	COLOR
btl_gaug.sch	0	0520	OBJCGX
ef_303.sch		0	1000	OBJCGX
ef_303a.scl		0	0020	COLOR
ef_303b.scl		0	0020	COLOR
newgauge.sch	0	1000	OBJCGX
gaugecur.sch	0	00a0	OBJCGX
ef_010.sch		0	1000	OBJCGX
ef_010a.scl		0	0020	COLOR
ef_010b.scl		0	0020	COLOR
ef_901.scl		0	0020	COLOR
ef_901.sch		0	0200	OBJCGX
ef_902.sch		0	0200	OBJCGX
ef_903.sch		0	0200	OBJCGX
hoeru.sch		0	0600	OBJCGX
hoeru.scl		0	0020	COLOR
beem.sch		0	0080	OBJCGX
beem.scl		0	0020	COLOR
ef_011.sch		0	1000	OBJCGX
ef_011.scl		0	0020	COLOR
ef_904.sch		0	0200	OBJCGX
ef_012.sch		0	0180	OBJCGX
ef_012.scl		0	0020	COLOR
ef_401.sch		0	0c00	OBJCGX
ef_401.scl		0	0020	COLOR
ef_905.sch		0	0100	OBJCGX
ef_905.scl		0	0020	COLOR
ef_906.sch		0	0040	OBJCGX
ef_906.scl		0	0020	COLOR
ef_013.sch		0	0180	OBJCGX
ef_013.scl		0	0020	COLOR
ef_014.sch		0	0800	OBJCGX
ef_014.scl		0	0020	COLOR
ef_501.sch		0	0480	OBJCGX
ef_501.scl		0	0020	COLOR
;ef_907.sch		0	0200	OBJCGX
;ef_907.scl		0	0020	COLOR
ef_908.sch		0	0080	OBJCGX
ef_908.scl		0	0020	COLOR
ef_502.sch		0	0200	OBJCGX
ef_502.scl		0	0020	COLOR
ef_909.sch		0	0100	OBJCGX
ef_909.scl		0	0020	COLOR
ef_015.sch		0	0200	OBJCGX
ef_015.scl		0	0020	COLOR
ef_016.sch		0	0a00	OBJCGX
ef_910.sch		0	0300	OBJCGX
ef_910.scl		0	0020	COLOR
ef_911.sch		0	0180	OBJCGX
ef_911.scl		0	0020	COLOR
ef_017.sch		0	0700	OBJCGX
ef_017.scl		0	0020	COLOR
ef_203.sch		0	0300	OBJCGX
ef_203.scl		0	0020	COLOR
ef_204.sch		0	0c00	OBJCGX
ef_801.sch		0	0a00	OBJCGX
ef_801.scl		0	0020	COLOR
ef_912.sch		0	0080	OBJCGX
ef_912a.scl		0	0020	COLOR
ef_912b.scl		0	0020	COLOR
ef_912c.scl		0	0020	COLOR
ef_912d.scl		0	0020	COLOR
amagoi.sch		0	0240	BG2CGX
amagoi.scl		0	0020	COLOR
amagoi.ssc		0	0400	BG2MAP
ame.sch			0	0040	OBJCGX
ame.scl			0	0020	COLOR
ef_020.scl		0	0020	COLOR
ef_021.scl		0	0020	COLOR
ef_022.scl		0	0020	COLOR
ef_023.scl		0	0020	COLOR
ef_304.scl		0	0020	COLOR
ef_503.scl		0	0020	COLOR
ef_802.scl		0	0020	COLOR
ef_914.scl		0	0020	COLOR
ef_803.scl		0	0020	COLOR
ef_804a.scl		0	0020	COLOR
ef_804b.scl		0	0020	COLOR
ef_805.scl		0	0020	COLOR
ef_806.scl		0	0020	COLOR
ef_807.scl		0	0020	COLOR
ef_917.scl		0	0020	COLOR
ef_918.scl		0	0020	COLOR
ef_920.scl		0	0020	COLOR
ef_020.sch		0	0d00	OBJCGX
ef_021.sch		0	0c00	OBJCGX
ef_022.sch		0	0280	OBJCGX
ef_023.sch		0	0200	OBJCGX
ef_304.sch		0	00c0	OBJCGX
ef_503.sch		0	0a00	OBJCGX
ef_802.sch		0	0180	OBJCGX
ef_913.sch		0	0180	OBJCGX
ef_914.sch		0	0080	OBJCGX
ef_803.sch		0	1000	OBJCGX
ef_804.sch		0	0a00	OBJCGX
ef_805.sch		0	0180	OBJCGX
ef_806.sch		0	0380	OBJCGX
ef_807.sch		0	0600	OBJCGX
ef_915.sch		0	0200	OBJCGX
ef_917.sch		0	0200	OBJCGX
ef_918.sch		0	0200	OBJCGX
ef_919.sch		0	0200	OBJCGX
ef_920.sch		0	0080	OBJCGX
ef_025.sch		0	0400	OBJCGX
ef_025.scl		0	0020	COLOR
ef_106.sch		0	0c00	OBJCGX
ef_106.scl		0	0020	COLOR
ef_107.sch		0	0200	OBJCGX
ef_305.sch		0	1000	OBJCGX
ef_305.scl		0	0020	COLOR
ef_306.sch		0	0a00	OBJCGX
ef_504.sch		0	0020	OBJCGX
ef_504.scl		0	0020	COLOR
ef_505.sch		0	0e00	OBJCGX
ef_921.sch		0	0080	OBJCGX
ef_921.scl		0	0020	COLOR
ef_205.sch		0	0a00	OBJCGX
ef_205.scl		0	0020	COLOR
ef_307.sch		0	0400	OBJCGX
ef_307.scl		0	0020	COLOR
ef_402.sch		0	0200	OBJCGX
ef_402.scl		0	0020	COLOR
status.ssc		0	0800	BG3MAP
status2.ssc		0	2000	BG2MAP
status.sch		0	2c20	BG3CGX
status.scl		0	0020	COLOR
ef_30a.sch		0	0700	OBJCGX
ef_30b.sch		0	0800	OBJCGX
ef_30b.ssc		0	0400	BG2MAP
ef_30b.scl		0	0200	COLOR
wazalist.sch	0	0140	OBJCGX
wazalist.scl	0	0020	COLOR
wazalist.ssc	0	0800	BG1MAP
gauge55.scl		0	0040	NOCOMP
gauge5b.sch		0	0ec0	NOCOMP
gauge5a2.sch	0	0600	OBJCGX
gauge5a.sch		0	1000	OBJCGX
ef_026.sch		0	0800	OBJCGX
ef_026.scl		0	0020	COLOR
ef_506.sch		0	0a00	OBJCGX
ef_506.scl		0	0020	COLOR
ef_809.sch		0	0800	OBJCGX
ef_809.scl		0	0020	COLOR
ef_810.sch		0	0800	OBJCGX
ef_810.scl		0	0020	COLOR
ef_922.sch		0	0200	OBJCGX
ef_922.scl		0	0020	COLOR
ef_923.sch		0	0040	OBJCGX
ef_923.scl		0	0020	COLOR
ef_027.sch		0	0180	OBJCGX
ef_027.scl		0	0020	COLOR
ef_028.sch		0	0600	OBJCGX
ef_206.sch		0	0600	OBJCGX
ef_206.scl		0	0020	COLOR
ef_811.sch		0	0200	OBJCGX
ef_811.scl		0	0020	COLOR
ef_924.sch		0	0080	OBJCGX
ef_924.scl		0	0020	COLOR
ef_925.sch		0	0200	OBJCGX
ef_925.scl		0	0020	COLOR
ef_029.sch		0	0800	OBJCGX
ef_029.scl		0	0020	COLOR
ef_030.sch		0	0080	OBJCGX
ef_108.sch		0	0a00	OBJCGX
ef_108.scl		0	0020	COLOR
ef_109.sch		0	0280	OBJCGX
ef_507.sch		0	0280	OBJCGX
ef_507.scl		0	0020	COLOR
ef_926.sch		0	0100	OBJCGX
ef_926.scl		0	0020	COLOR
ef_927.sch		0	0200	OBJCGX
ef_018.sch		0	0400	OBJCGX
ef_018.scl		0	0020	COLOR
ef_019.sch		0	0200	OBJCGX

cont1.sch		0	2000	BG2MAP
cont.scl		0	0200	COLOR
cont_bg1.ssc	0	0800	BG1MAP
cont_bg2.ssc	0	1000	BG2MAP
contrank.sch	0	0200	OBJCGX
contrank.scl	0	0020	COLOR

contest1.sch	0	4000	BG1CGX
contest.scl		0	0200	COLOR
con_bg1.ssc		0	0800	BG1MAP
con_bg2.ssc		0	1000	BG2MAP
cres_win.ssc	0	0800	BG1MAP
cres_bg.ssc		0	2000	BG0MAP
con_bg0.ssc		0	0800	BG1MAP
con_bg.sch		0	2000	BG1CGX
kankyaku.sch	0	2000	BG1CGX
voltage.sch		0	0180	OBJCGX
fukidasi.sch	0	0380	OBJCGX
fukidasi.scl	0	0020	COLOR
heart_icon.sch	0	0020	NOCOMP
vol_gauge.sch	0	0480	OBJCGX
vol_gauge.scl	0	0020	COLOR

kekka_bg.sch	0	2000	BG0CGX
kekka_bg0.ssc	0	0800	BG0MAP
kekka_bg2.ssc	0	0800	BG2MAP
kekka_bg3.ssc	0	0800	BG3MAP
kekka.scl		0	0200	COLOR

hitmark.sch		0	0200	OBJCGX
test_ef.scl		0	0020	COLOR
ball_ef.sch		0	0100	OBJCGX
kouka.sch		0	0020	OBJCGX
kouka.scl		0	0020	COLOR
hikkaku.sch		0	0a00	OBJCGX
kamituku.sch	0	0800	OBJCGX
kamituku.scl	0	0020	COLOR
kara.sch		0	0800	OBJCGX
kirisaku.sch	0	0800	OBJCGX
wakka.sch		0	00c0	OBJCGX
wakka.scl		0	0020	COLOR
yuki.sch		0	01c0	OBJCGX
yuki.scl		0	0020	COLOR
turara.sch		0	0100	OBJCGX
kakutou.sch		0	0200	OBJCGX
kakutou.scl		0	0020	COLOR
solar.sch		0	0180	OBJCGX
solar.scl		0	0020	COLOR
haidoro.sch		0	0200	OBJCGX
mizuhit.sch		0	0200	OBJCGX
mizuhit.scl		0	0020	COLOR
maddo.scl		0	0020	COLOR
suna.sch		0	00a0	OBJCGX
suna.scl		0	0020	COLOR
hedoro.sch		0	0180	OBJCGX
hedoro.scl		0	0020	COLOR
dokudoku.sch	0	0400	OBJCGX
megahoon.sch	0	0100	OBJCGX
megahoon.scl	0	0020	COLOR
earo.sch		0	0100	OBJCGX
earo.scl		0	0020	COLOR
mizu.sch		0	0140	OBJCGX
mizu.scl		0	0020	COLOR
sora.sch		0	0800	OBJCGX
sora.scl		0	0020	COLOR
hizasi.sch		0	0200	OBJCGX
hizasi.scl		0	0020	COLOR
housi.sch		0	0100	OBJCGX
housi.scl		0	0020	COLOR
hana.sch		0	00a0	OBJCGX
hana.scl		0	0020	COLOR
happa.sch		0	0100	OBJCGX
happa.scl		0	0020	COLOR
kiri.sch		0	0200	OBJCGX
kiri.scl		0	0020	COLOR
esp.sch			0	0060	BG1CGX
esp.scl			40	0020	COLOR
esp.ssc			0	0800	BG1MAP
kaiten.sch		0	0300	OBJCGX
kaiten.scl		0	0020	COLOR
onpa.sch		0	0100	OBJCGX
onpa.scl		0	0020	COLOR
monpa.scl		0	0020	COLOR	//add_02.08.29_12:40_iwasawa
onpa_db.scl		0	0020	COLOR
onpa_b.scl		0	0020	COLOR
mirror.sch		0	0800	OBJCGX
mirror0.scl		0	0020	COLOR
mirror1.scl		0	0020	COLOR
mirror2.scl		0	0020	COLOR
mirror3.scl		0	0020	COLOR
mirror4.scl		0	0020	COLOR
denjihou.sch	0	0080	OBJCGX
denjihou.scl	0	0020	COLOR
dokugiri.scl	0	0020	COLOR
shinsain.sch	0	0800	OBJCGX
shinsain.scl	0	0020	COLOR
kaminari.sch	0	0300	OBJCGX
kaminari.scl	0	0020	COLOR
denjiha.sch		0	0200	OBJCGX
aku.sch			0	2000	BG1CGX
aku.scl			40	0020	COLOR
aku.ssc			0	0800	BG1MAP
metaru.sch		0	0800	BG1CGX
metaru.scl		100	0020	COLOR
metaru.ssc		0	0800	BG1MAP
ghost.sch		0	0600	BG1CGX
ghost.scl		40	0020	COLOR
ghost.ssc		0	0800	BG1MAP
speedstar.sch	0	0200	OBJCGX
speedstar.scl	0	0020	COLOR
egg.sch			0	0080	OBJCGX
egg.scl			0	0020	COLOR
shadow.sch		0	0200	OBJCGX
shadow.scl		0	0020	COLOR
sita.sch		0	0500	OBJCGX
sita.scl		0	0020	COLOR
kiai.sch		0	0800	OBJCGX
kiai.scl		0	0020	COLOR
ito.scl			0	0020	COLOR
ito.sch			0	0400	OBJCGX
itodama.sch		0	0020	OBJCGX
kumonosu.sch	0	0800	OBJCGX
denkyuu.sch		0	0100	OBJCGX
denkyuu.scl		0	0020	COLOR

s_kirisaki.sch	0	0800	OBJCGX
s_kirisaki.scl	0	0020	COLOR
s_kiai.sch		0	0400	OBJCGX
s_kiai.scl		0	0020	COLOR
s_kakubaru.sch	0	0a00	OBJCGX
s_kakubaru.scl	0	0020	COLOR
s_uneune.sch	0	0800	OBJCGX
s_uneune.scl	40	0020	COLOR
s_uneune.ssc	0	0500	BG1MAP
s_manazashi.sch	0	0800	OBJCGX
s_manazashi.scl	0	0020	COLOR
s_karamituku.sch	0	1000	OBJCGX
s_karamituku.scl	0	0020	COLOR

gauge_m1.sch	0	1000	OBJCGX
gauge_e1.sch	0	0800	OBJCGX
gauge_m2.sch	0	0800	OBJCGX
gauge_e2.sch	0	0800	OBJCGX
;gaugeb_m.sch	0	0800	OBJCGX
;gaugeb_e.sch	0	0800	OBJCGX
gauge_s.sch		0	1000	OBJCGX
;gauge_m3.sch	0	2000	OBJCGX
;gauge_m4.sch	0	0800	OBJCGX
;gauge_e3.sch	0	0800	OBJCGX
;gauge_e4.sch	0	0800	OBJCGX

mitizure.sch	0	0100	OBJCGX
mitizure.scl	0	0020	COLOR
s_lockon.sch	0	0280	OBJCGX
s_lockon.scl	0	0020	COLOR
s_eye.sch		0	0800	OBJCGX
s_eye.scl		0	0020	COLOR
s_hikari.sch	0	0800	OBJCGX
s_hikari.scl	0	0020	COLOR
s_syuchu.sch	0	0200	OBJCGX
s_syuchu.scl	0	0020	COLOR
s_hagata.sch	0	0800	OBJCGX
s_hagata.scl	0	0020	COLOR
s_hirate.sch	0	0200	OBJCGX
s_hirate.scl	0	0020	COLOR
st_up.sch		0	0060	BG1CGX
st_up.ssc		0	0800	BG1MAP
s_pencil.sch	0	0200	OBJCGX
s_pencil.scl	0	0020	COLOR
s_uzu.sch		0	0800	OBJCGX
s_uzu.scl		0	0020	COLOR
s_moon.sch		0	0800	OBJCGX
s_moon.scl		0	0020	COLOR
s_hika.sch		0	0200	OBJCGX
s_hika.scl		0	0020	COLOR
s_z.sch			0	0200	OBJCGX
s_z.scl			0	0020	COLOR
s_daibaku.sch	0	0800	OBJCGX
s_daibaku.scl	0	0020	COLOR
s_kugi.sch		0	0400	OBJCGX
s_kugi.scl		0	0020	COLOR
s_noroi.sch		0	0200	OBJCGX
s_noroi.scl		0	0020	COLOR
s_iwa.sch		0	0A80	OBJCGX
s_iwa.scl		0	0020	COLOR
s_punch.sch		0	0200	OBJCGX
s_punch.scl		0	0020	COLOR
s_tamago.sch	0	0600	OBJCGX
s_tamago.scl	0	0020	COLOR
s_hamon.sch		0	0800	OBJCGX
s_hamon.scl		0	0020	COLOR
s_onpu.sch		0	0800	OBJCGX
s_onpu.scl		0	00a0	COLOR
s_bell.sch		0	0600	OBJCGX
s_bell.scl		0	0020	COLOR
s_kemuri.sch	0	0180	OBJCGX
s_kemuri.scl	0	0020	COLOR
s_mirror.sch	0	0800	OBJCGX
s_fukidashi.sch	0	0800	OBJCGX
s_fukidashi.scl	0	0020	COLOR
s_yubi.sch		0	0200	OBJCGX
s_yubi.scl		0	0020	COLOR

s_heart.sch		0	0080	OBJCGX
s_heart.scl		0	0020	COLOR
s_heart2.scl	0	0020	COLOR
s_heart3.scl	0	0020	COLOR
s_meromero.sch	0	2000	BG1CGX
s_meromero.scl	0	0020	COLOR
s_meromro.ssc	0	0800	BG1MAP
s_power.sch		0	0080	OBJCGX
s_power.scl		0	0020	COLOR

s_denhika.sch	0	0800	OBJCGX
s_denball.sch	0	0080	OBJCGX
s_thnder.sch	0	0800	OBJCGX
s_thnder.scl	0	0020	COLOR
s_chohatu.sch	0	0600	OBJCGX
s_agaki.sch		0	0600	OBJCGX
s_agaki.scl		0	0020	COLOR
s_kowakao.scl	0	0020	COLOR
s_kowakao.sch	0	0a00	BG1CGX
;s_kowakao.ssc	0	0800	BG0MAP
;s_kowakao2.ssc	0	0800	BG0MAP
s_kirari.scl	0	0020	COLOR
s_kirari.sch	0	0200	OBJCGX
s_ikari.sch		0	0080	OBJCGX
s_ikari.scl		0	0020	COLOR
s_tex.sch		0	0080	OBJCGX
s_tex.scl		0	0020	COLOR
s_angel.scl		0	0020	COLOR
s_angel.sch		0	0200	OBJCGX
s_akuma.scl		0	0020	COLOR
s_akuma.sch		0	0400	OBJCGX
s_hikkaki.sch	0	0a00	OBJCGX
s_hikkaki.scl	0	0020	COLOR
s_ne.scl		0	0020	COLOR
s_ne.sch		0	0800	OBJCGX
s_fukuro.scl	0	0020	COLOR
s_fukuro.sch	0	0200	OBJCGX
s_tri.scl		0	0020	COLOR
s_tri.sch		0	0800	OBJCGX
s_zzz.scl		0	0020	COLOR
s_zzz.sch		0	0200	OBJCGX
s_grad.scl		0	0020	COLOR
s_grad.sch		0	2000	BG0CGX
s_grad.ssc		0	0500	BG0MAP
s_grad2.ssc		0	0500	BG0MAP
s_grad3.ssc		0	0500	BG0MAP
s_sawagu.sch	0	0400	OBJCGX
s_sawagu.scl	0	0020	COLOR
s_spot.sch		0	0800	OBJCGX
s_monball.sch	0	0080	OBJCGX
s_monball.scl	0	0020	COLOR

s_tatsumaki.sch	0	0300	OBJCGX
s_tatsumaki.scl	0	0020	COLOR

s_milk.sch		0	0200	OBJCGX
s_milk.scl		0	0020	COLOR
s_onibi.sch		0	0800	OBJCGX
s_onibi.scl		0	0020	COLOR
s_oniball.sch	0	0380	OBJCGX
s_shootingstar.sch	0	00c0	OBJCGX
s_shootingstar.scl	0	0020	COLOR
s_marumaru.sch	0	0800	OBJCGX
s_marumaru.scl	0	0020	COLOR
s_hanabira.sch	0	0080	OBJCGX
s_hanabira.scl	0	0020	COLOR
s_takuwae.sch	0	0060	OBJCGX
s_takuwae.scl	0	0020	COLOR
s_nomikomu.scl	0	0020	COLOR
s_hakidasu.scl	0	0020	COLOR
s_naname.sch	0	0800	BG1CGX
s_naname.scl	0	0020	COLOR
s_nana2.scl		0	0020	COLOR	//add_02.08.29_12:40_iwasawa
s_naname.ssc	0	0800	BG1MAP
s_naname2.ssc	0	0800	BG1MAP
s_aurora.sch	0	1000	BG1CGX	//add_02.08.29_12:40_iwasawa
s_aurora.scl	0	0020	COLOR
s_aurora.ssc	0	0800	BG1MAP
s_yoko.ssc		0	0800	BG1MAP
s_yoko.scl		0	0020	COLOR
s_yokos.scl		0	0020	COLOR
s_yoko.sch		0	1000	BG1CGX
s_yoko2.ssc		0	0800	BG1MAP
s_hizashi.sch	0	0280	BG1CGX
s_hizashi.scl	0	0020	COLOR
hizashi.ssc		0	0800	BG1MAP
s_zigzag1.ssc	0	0800	BG1MAP
s_zigzag2.ssc	0	0800	BG1MAP
s_zigzag3.ssc	0	0800	BG1MAP
s_zigzag.sch	0	2000	BG1CGX
s_zigzag.scl	0	0020	COLOR
s_kumori.sch	0	1400	BG1CGX
s_kumori.scl	0	0020	COLOR
s_kumori.ssc	0	0800	BG1MAP
s_hit1.sch		0	0180	OBJCGX
s_hit1.scl		0	0020	COLOR
s_hands.sch		0	0800	OBJCGX
s_hands.scl		0	0020	COLOR
s_kamifubuki.sch	0	0180	OBJCGX
s_kamifubuki.scl	0	0020	COLOR
s_migawari.scl	0	0020	COLOR
migawari_f.sch	0	0800	OBJCGX
migawari_b.sch	0	0800	OBJCGX
s_asakira.sch	0	0200	OBJCGX
s_asakira.scl	0	0020	COLOR
kamifubuki.sch	0	0220	OBJCGX
kamifubuki.scl	0	0020	COLOR

s_akubi.sch		0	0200	OBJCGX
s_akubi.scl		0	0020	COLOR
s_ase.sch		0	0020	OBJCGX
s_ase.scl		0	0020	COLOR
s_p.sch			0	0800	BG1CGX
s_p_up.ssc		0	0800	BG1MAP
s_p_down.ssc	0	0800	BG1MAP
s_pboug.scl		0	0020	COLOR
s_pkoug.scl		0	0020	COLOR
s_pmei.scl		0	0020	COLOR
s_psuba.scl		0	0020	COLOR
s_pmult.scl		0	0020	COLOR
s_pkai.scl		0	0020	COLOR
s_ptkou.scl		0	0020	COLOR
s_ptbou.scl		0	0020	COLOR
s_ref.sch		0	0200	BG1CGX
s_ref.scl		0	0020	COLOR
s_ref.ssc		0	0800	BG1MAP
s_revenge.scl	0	0020	COLOR
s_revenge1.sch	0	0600	OBJCGX
s_revenge2.sch	0	1000	OBJCGX
s_mamori.sch	0	0400	OBJCGX
s_mamori.scl	0	0020	COLOR
s_te.sch		0	0400	OBJCGX
s_hoe.sch		0	0800	OBJCGX

gauge_ef.sch	0	01c0	BG1CGX
gauge_ef.ssc	0	0800	BG1MAP

s_shisen.sch	0	0020	OBJCGX
s_shisen.scl	0	0020	COLOR
s_fuuin.sch		0	0080	OBJCGX
s_fuuin.scl		0	0020	COLOR
s_fbatsu.sch	0	0800	OBJCGX
s_swap.sch		0	0080	OBJCGX
s_swap.scl		0	0020	COLOR
s_nekote.sch	0	0200	OBJCGX
s_nekote.scl	0	0020	COLOR
s_onnen.sch		0	0400	OBJCGX
s_onnen.scl		0	0020	COLOR
s_tama.sch		0	0200	OBJCGX
s_tama.scl		0	0020	COLOR
s_kitsuke.sch	0	0200	OBJCGX
s_kitsuke.scl	0	0020	COLOR
s_loupe.sch		0	0200	OBJCGX
s_loupe.scl		0	0020	COLOR
s_baka.sch		0	0800	OBJCGX
s_baka.scl		0	0020	COLOR
s_bakagomi.sch	0	0280	OBJCGX
s_bakagomi.scl	0	0020	COLOR

