;==========================================================
;
;	中村君用のグラフィック圧縮リスト
;
;==========================================================
p_list.sch		0	0e80	BG3CGX
p_list.scl		0	0160	COLOR
p_list03.ssc	0	0800	BG3MAP
p_listg2.sch	0	0180	OBJCGX
p_list_m.sch	0	08c0	BG1CGX

st_type1.sch	0	1700	OBJCGX
st_type.scl		0	0060	COLOR
p_st_cur.sch	0	0400	OBJCGX
p_st_cur.scl	0	0020	COLOR
st_cnd.sch		0	0380	OBJCGX
st_cnd.scl		0	0020	COLOR
p_st2_bg.sch	0	1b20	BG1CGX
p_st2_bg.scl	0	00a0	COLOR
p_st2_s1.ssc	0	0800	BG1MAP
p_st2_s2.ssc	0	0800	BG1MAP
p_st2_s3.ssc	0	0800	BG1MAP
p_st2_s4.ssc	0	0800	BG1MAP
p_st2_s5.ssc	0	0800	BG1MAP

m_bag.sch		0	3000	OBJCGX
f_bag.sch		0	3000	OBJCGX
m_bag.scl		0	0020	COLOR
bagbg.sch		0	0fc0	BG1CGX
m_bagbg.scl		0	0040	COLOR
f_bagbg.scl		0	0040	COLOR
bag.ssc			0	0800	BG1MAP

shopwin.sch		0	0300	BG1CGX
shopwin.scl		0	0020	COLOR
shopwin.ssc		0	0800	BG1MAP
gold.sch		0	0100	OBJCGX

polock_b.sch	0	0500	BG1CGX
polock_b.scl	0	00c0	COLOR
polock_c.sch	0	0800	OBJCGX
polock_c.scl	0	0020	COLOR
polock.ssc		0	0800	BG1MAP

polock_d.sch	0	0020	OBJCGX
polock1.scl		0	0020	COLOR
polock2.scl		0	0020	COLOR
polock3.scl		0	0020	COLOR
polock4.scl		0	0020	COLOR
polock5.scl		0	0020	COLOR
polock6.scl		0	0020	COLOR
polock7.scl		0	0020	COLOR
polock8.scl		0	0020	COLOR
polock9.scl		0	0020	COLOR
polock10.scl	0	0020	COLOR
polock11.scl	0	0020	COLOR
polock12.scl	0	0020	COLOR
polock13.scl	0	0020	COLOR
polock14.scl	0	0020	COLOR

groundbg.ssc	0	0800	BG1MAP

seedtag.sch		0	0b40	BG1CGX
seedtag.scl		0	00c0	COLOR
s_tag.ssc		0	0800	BG1MAP
s_tag2.ssc		0	0800	BG1MAP
tag_maru.sch	0	0800	OBJCGX

kurabo.sch		0	0480	OBJCGX
oren.sch		0	0480	OBJCGX
momon.sch		0	0480	OBJCGX
chiigo.sch		0	0480	OBJCGX
nanashi.sch		0	0480	OBJCGX
himeri.sch		0	0480	OBJCGX
kago.sch		0	0480	OBJCGX
kii.sch			0	0480	OBJCGX
ramu.sch		0	0480	OBJCGX
obon.sch		0	0480	OBJCGX
fira.sch		0	0480	OBJCGX
ui.sch			0	0480	OBJCGX
mago.sch		0	0480	OBJCGX
banji.sch		0	0480	OBJCGX
ia.sch			0	0480	OBJCGX
zuri.sch		0	0480	OBJCGX
buzuri.sch		0	0480	OBJCGX
nana.sch		0	0480	OBJCGX
nanayo.sch		0	0480	OBJCGX
pailu.sch		0	0480	OBJCGX
zaroku.sch		0	0480	OBJCGX
nekobu.sch		0	0480	OBJCGX
taporu.sch		0	0480	OBJCGX
rome.sch		0	0480	OBJCGX
ubu.sch			0	0480	OBJCGX
matoma.sch		0	0480	OBJCGX
mokoshi.sch		0	0480	OBJCGX
gosu.sch		0	0480	OBJCGX
rabuta.sch		0	0480	OBJCGX
nomeru.sch		0	0480	OBJCGX
nowaki.sch		0	0480	OBJCGX
shiiya.sch		0	0480	OBJCGX
kaisu.sch		0	0480	OBJCGX
dori.sch		0	0480	OBJCGX
beribu.sch		0	0480	OBJCGX
chiira.sch		0	0480	OBJCGX
ryuga.sch		0	0480	OBJCGX
kamura.sch		0	0480	OBJCGX
yatapi.sch		0	0480	OBJCGX
zua.sch			0	0480	OBJCGX
san.sch			0	0480	OBJCGX
k_star.sch		0	0480	OBJCGX
nazo.sch		0	0480	OBJCGX

kurabo.scl		0	0020	COLOR
oren.scl		0	0020	COLOR
momon.scl		0	0020	COLOR
chiigo.scl		0	0020	COLOR
nanashi.scl		0	0020	COLOR
himeri.scl		0	0020	COLOR
kago.scl		0	0020	COLOR
kii.scl			0	0020	COLOR
ramu.scl		0	0020	COLOR
obon.scl		0	0020	COLOR
fira.scl		0	0020	COLOR
ui.scl			0	0020	COLOR
mago.scl		0	0020	COLOR
banji.scl		0	0020	COLOR
ia.scl			0	0020	COLOR
zuri.scl		0	0020	COLOR
buzuri.scl		0	0020	COLOR
nana.scl		0	0020	COLOR
nanayo.scl		0	0020	COLOR
pailu.scl		0	0020	COLOR
zaroku.scl		0	0020	COLOR
nekobu.scl		0	0020	COLOR
taporu.scl		0	0020	COLOR
rome.scl		0	0020	COLOR
ubu.scl			0	0020	COLOR
matoma.scl		0	0020	COLOR
mokoshi.scl		0	0020	COLOR
gosu.scl		0	0020	COLOR
rabuta.scl		0	0020	COLOR
nomeru.scl		0	0020	COLOR
nowaki.scl		0	0020	COLOR
shiiya.scl		0	0020	COLOR
kaisu.scl		0	0020	COLOR
dori.scl		0	0020	COLOR
beribu.scl		0	0020	COLOR
chiira.scl		0	0020	COLOR
ryuga.scl		0	0020	COLOR
kamura.scl		0	0020	COLOR
yatapi.scl		0	0020	COLOR
zua.scl			0	0020	COLOR
san.scl			0	0020	COLOR
k_star.scl		0	0020	COLOR
nazo.scl		0	0020	COLOR
